// Jest Snapshot v1, https://goo.gl/fbAQLP

exports[`Prueba archivo <RealExampleRef /> debe de mostrarse correctamente 1`] = `
<div>
  <h1>
    Real Example Ref
  </h1>
  <br />
  <button
    className="btn btn-primary mt-3"
    onClick={[Function]}
    type="button"
  >
    Show/Hide
  </button>
</div>
`;
